in_source: |-
  org 2
  message: .word "Hello, World!"
  pointer: .word message
  zero:    .word 0
  out_port: .word 2047

  org 30
  start:   nop
  loop:    load (pointer)
           store (out_port)
           jmz end
           load pointer
           inc
           store pointer
           jmp loop
  end:     hlt
in_stdin: |

out_code: |
  [
  {'start_addr': 30 },
  {'index': 2, 'value': 'H', 'opcode': 'nop'},
  {'index': 3, 'value': 'e', 'opcode': 'nop'},
  {'index': 4, 'value': 'l', 'opcode': 'nop'},
  {'index': 5, 'value': 'l', 'opcode': 'nop'},
  {'index': 6, 'value': 'o', 'opcode': 'nop'},
  {'index': 7, 'value': ',', 'opcode': 'nop'},
  {'index': 8, 'value': ' ', 'opcode': 'nop'},
  {'index': 9, 'value': 'W', 'opcode': 'nop'},
  {'index': 10, 'value': 'o', 'opcode': 'nop'},
  {'index': 11, 'value': 'r', 'opcode': 'nop'},
  {'index': 12, 'value': 'l', 'opcode': 'nop'},
  {'index': 13, 'value': 'd', 'opcode': 'nop'},
  {'index': 14, 'value': '!', 'opcode': 'nop'},
  {'index': 15, 'value': 0, 'opcode': 'nop'},
  {'index': 16, 'value': 2, 'opcode': 'nop'},
  {'index': 17, 'value': 0, 'opcode': 'nop'},
  {'index': 18, 'value': 2047, 'opcode': 'nop'},
  {'index': 30, 'opcode': 'nop', 'value': 0},
  {'index': 31, 'opcode': 'load', 'operand': 16, 'value': 0, 'address': True},
  {'index': 32, 'opcode': 'store', 'operand': 18, 'value': 0, 'address': True},
  {'index': 33, 'opcode': 'jmz', 'operand': 38, 'value': 0, 'address': False},
  {'index': 34, 'opcode': 'load', 'operand': 16, 'value': 0, 'address': False},
  {'index': 35, 'opcode': 'inc', 'value': 0},
  {'index': 36, 'opcode': 'store', 'operand': 16, 'value': 0, 'address': False},
  {'index': 37, 'opcode': 'jmp', 'operand': 31, 'value': 0, 'address': False},
  {'index': 38, 'opcode': 'hlt', 'value': 0}]
out_stdout: |
  source LoC: 16 code instr: 26
  ============================================================
  Output: ['H', 'e', 'l', 'l', 'o', ',', ' ', 'W', 'o', 'r', 'l', 'd', '!', 0]
  Instruction number: 95
  Ticks: 300

out_log: |
  INFO    mashine:decode_and_execute_instruction 

  INFO    mashine:__print__     Command: nop  | AC 0       | IP: 31   | AR: 30   | PS: 00010 | DR: 0       | SP : 2045 | mem[AR] 0       | mem[SP] : 0   | CR: nop          | 
  INFO    mashine:decode_and_execute_instruction 

  INFO    mashine:__print__     Command: load | AC 72      | IP: 32   | AR: 2    | PS: 00000 | DR: 72      | SP : 2045 | mem[AR] 72      | mem[SP] : 0   | CR: load 16      | 
  INFO    mashine:decode_and_execute_instruction 

  INFO    mashine:__print__     Command: store | AC 72      | IP: 33   | AR: 2047 | PS: 00000 | DR: 72      | SP : 2045 | mem[AR] 72      | mem[SP] : 0   | CR: store 18     | 
  INFO    mashine:decode_and_execute_instruction 

  INFO    mashine:__print__     Command: jmz  | AC 72      | IP: 34   | AR: 38   | PS: 00000 | DR: 0       | SP : 2045 | mem[AR] 0       | mem[SP] : 0   | CR: jmz 38       | 
  INFO    mashine:decode_and_execute_instruction 

  INFO    mashine:__print__     Command: load | AC 2       | IP: 35   | AR: 16   | PS: 00000 | DR: 2       | SP : 2045 | mem[AR] 2       | mem[SP] : 0   | CR: load 16      | 
  INFO    mashine:decode_and_execute_instruction 

  INFO    mashine:__print__     Command: inc  | AC 3       | IP: 36   | AR: 35   | PS: 00000 | DR: 2       | SP : 2045 | mem[AR] 0       | mem[SP] : 0   | CR: inc          | 
  INFO    mashine:decode_and_execute_instruction 

  INFO    mashine:__print__     Command: store | AC 3       | IP: 37   | AR: 16   | PS: 00000 | DR: 3       | SP : 2045 | mem[AR] 3       | mem[SP] : 0   | CR: store 16     | 
  INFO    mashine:decode_and_execute_instruction 

  INFO    mashine:__print__     Command: jmp  | AC 3       | IP: 31   | AR: 31   | PS: 00000 | DR: 0       | SP : 2045 | mem[AR] 0       | mem[SP] : 0   | CR: jmp 31       | 
  INFO    mashine:decode_and_execute_instruction 

  INFO    mashine:__print__     Command: load | AC 101     | IP: 32   | AR: 3    | PS: 00000 | DR: 101     | SP : 2045 | mem[AR] 101     | mem[SP] : 0   | CR: load 16      | 
  INFO    mashine:decode_and_execute_instruction 

  INFO    mashine:__print__     Command: store | AC 101     | IP: 33   | AR: 2047 | PS: 00000 | DR: 101     | SP : 2045 | mem[AR] 101     | mem[SP] : 0   | CR: store 18     | 
  INFO    mashine:decode_and_execute_instruction 

  INFO    mashine:__print__     Command: jmz  | AC 101     | IP: 34   | AR: 38   | PS: 00000 | DR: 0       | SP : 2045 | mem[AR] 0       | mem[SP] : 0   | CR: jmz 38       | 
  INFO    mashine:decode_and_execute_instruction 

  INFO    mashine:__print__     Command: load | AC 3       | IP: 35   | AR: 16   | PS: 00000 | DR: 3       | SP : 2045 | mem[AR] 3       | mem[SP] : 0   | CR: load 16      | 
  INFO    mashine:decode_and_execute_instruction 

  INFO    mashine:__print__     Command: inc  | AC 4       | IP: 36   | AR: 35   | PS: 00000 | DR: 3       | SP : 2045 | mem[AR] 0       | mem[SP] : 0   | CR: inc          | 
  INFO    mashine:decode_and_execute_instruction 

  INFO    mashine:__print__     Command: store | AC 4       | IP: 37   | AR: 16   | PS: 00000 | DR: 4       | SP : 2045 | mem[AR] 4       | mem[SP] : 0   | CR: store 16     | 
  INFO    mashine:decode_and_execute_instruction 

  INFO    mashine:__print__     Command: jmp  | AC 4       | IP: 31   | AR: 31   | PS: 00000 | DR: 0       | SP : 2045 | mem[AR] 0       | mem[SP] : 0   | CR: jmp 31       | 
  INFO    mashine:decode_and_execute_instruction 

  INFO    mashine:__print__     Command: load | AC 108     | IP: 32   | AR: 4    | PS: 00000 | DR: 108     | SP : 2045 | mem[AR] 108     | mem[SP] : 0   | CR: load 16      | 
  INFO    mashine:decode_and_execute_instruction 

  INFO    mashine:__print__     Command: store | AC 108     | IP: 33   | AR: 2047 | PS: 00000 | DR: 108     | SP : 2045 | mem[AR] 108     | mem[SP] : 0   | CR: store 18     | 
  INFO    mashine:decode_and_execute_instruction 

  INFO    mashine:__print__     Command: jmz  | AC 108     | IP: 34   | AR: 38   | PS: 00000 | DR: 0       | SP : 2045 | mem[AR] 0       | mem[SP] : 0   | CR: jmz 38       | 
  INFO    mashine:decode_and_execute_instruction 

  INFO    mashine:__print__     Command: load | AC 4       | IP: 35   | AR: 16   | PS: 00000 | DR: 4       | SP : 2045 | mem[AR] 4       | mem[SP] : 0   | CR: load 16      | 
  INFO    mashine:decode_and_execute_instruction 

  INFO    mashine:__print__     Command: inc  | AC 5       | IP: 36   | AR: 35   | PS: 00000 | DR: 4       | SP : 2045 | mem[AR] 0       | mem[SP] : 0   | CR: inc          | 
  INFO    mashine:decode_and_execute_instruction 

  INFO    mashine:__print__     Command: store | AC 5       | IP: 37   | AR: 16   | PS: 00000 | DR: 5       | SP : 2045 | mem[AR] 5       | mem[SP] : 0   | CR: store 16     | 
  INFO    mashine:decode_and_execute_instruction 

  INFO    mashine:__print__     Command: jmp  | AC 5       | IP: 31   | AR: 31   | PS: 00000 | DR: 0       | SP : 2045 | mem[AR] 0       | mem[SP] : 0   | CR: jmp 31       | 
  INFO    mashine:decode_and_execute_instruction 

  INFO    mashine:__print__     Command: load | AC 108     | IP: 32   | AR: 5    | PS: 00000 | DR: 108     | SP : 2045 | mem[AR] 108     | mem[SP] : 0   | CR: load 16      | 
  INFO    mashine:decode_and_execute_instruction 

  INFO    mashine:__print__     Command: store | AC 108     | IP: 33   | AR: 2047 | PS: 00000 | DR: 108     | SP : 2045 | mem[AR] 108     | mem[SP] : 0   | CR: store 18     | 
  INFO    mashine:decode_and_execute_instruction 

  INFO    mashine:__print__     Command: jmz  | AC 108     | IP: 34   | AR: 38   | PS: 00000 | DR: 0       | SP : 2045 | mem[AR] 0       | mem[SP] : 0   | CR: jmz 38       | 
  INFO    mashine:decode_and_execute_instruction 

  INFO    mashine:__print__     Command: load | AC 5       | IP: 35   | AR: 16   | PS: 00000 | DR: 5       | SP : 2045 | mem[AR] 5       | mem[SP] : 0   | CR: load 16      | 
  INFO    mashine:decode_and_execute_instruction 

  INFO    mashine:__print__     Command: inc  | AC 6       | IP: 36   | AR: 35   | PS: 00000 | DR: 5       | SP : 2045 | mem[AR] 0       | mem[SP] : 0   | CR: inc          | 
  INFO    mashine:decode_and_execute_instruction 

  INFO    mashine:__print__     Command: store | AC 6       | IP: 37   | AR: 16   | PS: 00000 | DR: 6       | SP : 2045 | mem[AR] 6       | mem[SP] : 0   | CR: store 16     | 
  INFO    mashine:decode_and_execute_instruction 

  INFO    mashine:__print__     Command: jmp  | AC 6       | IP: 31   | AR: 31   | PS: 00000 | DR: 0       | SP : 2045 | mem[AR] 0       | mem[SP] : 0   | CR: jmp 31       | 
  INFO    mashine:decode_and_execute_instruction 

  INFO    mashine:__print__     Command: load | AC 111     | IP: 32   | AR: 6    | PS: 00000 | DR: 111     | SP : 2045 | mem[AR] 111     | mem[SP] : 0   | CR: load 16      | 
  INFO    mashine:decode_and_execute_instruction 

  INFO    mashine:__print__     Command: store | AC 111     | IP: 33   | AR: 2047 | PS: 00000 | DR: 111     | SP : 2045 | mem[AR] 111     | mem[SP] : 0   | CR: store 18     | 
  INFO    mashine:decode_and_execute_instruction 

  INFO    mashine:__print__     Command: jmz  | AC 111     | IP: 34   | AR: 38   | PS: 00000 | DR: 0       | SP : 2045 | mem[AR] 0       | mem[SP] : 0   | CR: jmz 38       | 
  INFO    mashine:decode_and_execute_instruction 

  INFO    mashine:__print__     Command: load | AC 6       | IP: 35   | AR: 16   | PS: 00000 | DR: 6       | SP : 2045 | mem[AR] 6       | mem[SP] : 0   | CR: load 16      | 
  INFO    mashine:decode_and_execute_instruction 

  INFO    mashine:__print__     Command: inc  | AC 7       | IP: 36   | AR: 35   | PS: 00000 | DR: 6       | SP : 2045 | mem[AR] 0       | mem[SP] : 0   | CR: inc          | 
  INFO    mashine:decode_and_execute_instruction 

  INFO    mashine:__print__     Command: store | AC 7       | IP: 37   | AR: 16   | PS: 00000 | DR: 7       | SP : 2045 | mem[AR] 7       | mem[SP] : 0   | CR: store 16     | 
  INFO    mashine:decode_and_execute_instruction 

  INFO    mashine:__print__     Command: jmp  | AC 7       | IP: 31   | AR: 31   | PS: 00000 | DR: 0       | SP : 2045 | mem[AR] 0       | mem[SP] : 0   | CR: jmp 31       | 
  INFO    mashine:decode_and_execute_instruction 

  INFO    mashine:__print__     Command: load | AC 44      | IP: 32   | AR: 7    | PS: 00000 | DR: 44      | SP : 2045 | mem[AR] 44      | mem[SP] : 0   | CR: load 16      | 
  INFO    mashine:decode_and_execute_instruction 

  INFO    mashine:__print__     Command: store | AC 44      | IP: 33   | AR: 2047 | PS: 00000 | DR: 44      | SP : 2045 | mem[AR] 44      | mem[SP] : 0   | CR: store 18     | 
  INFO    mashine:decode_and_execute_instruction 

  INFO    mashine:__print__     Command: jmz  | AC 44      | IP: 34   | AR: 38   | PS: 00000 | DR: 0       | SP : 2045 | mem[AR] 0       | mem[SP] : 0   | CR: jmz 38       | 
  INFO    mashine:decode_and_execute_instruction 

  INFO    mashine:__print__     Command: load | AC 7       | IP: 35   | AR: 16   | PS: 00000 | DR: 7       | SP : 2045 | mem[AR] 7       | mem[SP] : 0   | CR: load 16      | 
  INFO    mashine:decode_and_execute_instruction 

  INFO    mashine:__print__     Command: inc  | AC 8       | IP: 36   | AR: 35   | PS: 00000 | DR: 7       | SP : 2045 | mem[AR] 0       | mem[SP] : 0   | CR: inc          | 
  INFO    mashine:decode_and_execute_instruction 

  INFO    mashine:__print__     Command: store | AC 8       | IP: 37   | AR: 16   | PS: 00000 | DR: 8       | SP : 2045 | mem[AR] 8       | mem[SP] : 0   | CR: store 16     | 
  INFO    mashine:decode_and_execute_instruction 

  INFO    mashine:__print__     Command: jmp  | AC 8       | IP: 31   | AR: 31   | PS: 00000 | DR: 0       | SP : 2045 | mem[AR] 0       | mem[SP] : 0   | CR: jmp 31       | 
  INFO    mashine:decode_and_execute_instruction 

  INFO    mashine:__print__     Command: load | AC 32      | IP: 32   | AR: 8    | PS: 00000 | DR: 32      | SP : 2045 | mem[AR] 32      | mem[SP] : 0   | CR: load 16      | 
  INFO    mashine:decode_and_execute_instruction 

  INFO    mashine:__print__     Command: store | AC 32      | IP: 33   | AR: 2047 | PS: 00000 | DR: 32      | SP : 2045 | mem[AR] 32      | mem[SP] : 0   | CR: store 18     | 
  INFO    mashine:decode_and_execute_instruction 

  INFO    mashine:__print__     Command: jmz  | AC 32      | IP: 34   | AR: 38   | PS: 00000 | DR: 0       | SP : 2045 | mem[AR] 0       | mem[SP] : 0   | CR: jmz 38       | 
  INFO    mashine:decode_and_execute_instruction 

  INFO    mashine:__print__     Command: load | AC 8       | IP: 35   | AR: 16   | PS: 00000 | DR: 8       | SP : 2045 | mem[AR] 8       | mem[SP] : 0   | CR: load 16      | 
  INFO    mashine:decode_and_execute_instruction 

  INFO    mashine:__print__     Command: inc  | AC 9       | IP: 36   | AR: 35   | PS: 00000 | DR: 8       | SP : 2045 | mem[AR] 0       | mem[SP] : 0   | CR: inc          | 
  INFO    mashine:decode_and_execute_instruction 

  INFO    mashine:__print__     Command: store | AC 9       | IP: 37   | AR: 16   | PS: 00000 | DR: 9       | SP : 2045 | mem[AR] 9       | mem[SP] : 0   | CR: store 16     | 
  INFO    mashine:decode_and_execute_instruction 

  INFO    mashine:__print__     Command: jmp  | AC 9       | IP: 31   | AR: 31   | PS: 00000 | DR: 0       | SP : 2045 | mem[AR] 0       | mem[SP] : 0   | CR: jmp 31       | 
  INFO    mashine:decode_and_execute_instruction 

  INFO    mashine:__print__     Command: load | AC 87      | IP: 32   | AR: 9    | PS: 00000 | DR: 87      | SP : 2045 | mem[AR] 87      | mem[SP] : 0   | CR: load 16      | 
  INFO    mashine:decode_and_execute_instruction 

  INFO    mashine:__print__     Command: store | AC 87      | IP: 33   | AR: 2047 | PS: 00000 | DR: 87      | SP : 2045 | mem[AR] 87      | mem[SP] : 0   | CR: store 18     | 
  INFO    mashine:decode_and_execute_instruction 

  INFO    mashine:__print__     Command: jmz  | AC 87      | IP: 34   | AR: 38   | PS: 00000 | DR: 0       | SP : 2045 | mem[AR] 0       | mem[SP] : 0   | CR: jmz 38       | 
  INFO    mashine:decode_and_execute_instruction 

  INFO    mashine:__print__     Command: load | AC 9       | IP: 35   | AR: 16   | PS: 00000 | DR: 9       | SP : 2045 | mem[AR] 9       | mem[SP] : 0   | CR: load 16      | 
  INFO    mashine:decode_and_execute_instruction 

  INFO    mashine:__print__     Command: inc  | AC 10      | IP: 36   | AR: 35   | PS: 00000 | DR: 9       | SP : 2045 | mem[AR] 0       | mem[SP] : 0   | CR: inc          | 
  INFO    mashine:decode_and_execute_instruction 

  INFO    mashine:__print__     Command: store | AC 10      | IP: 37   | AR: 16   | PS: 00000 | DR: 10      | SP : 2045 | mem[AR] 10      | mem[SP] : 0   | CR: store 16     | 
  INFO    mashine:decode_and_execute_instruction 

  INFO    mashine:__print__     Command: jmp  | AC 10      | IP: 31   | AR: 31   | PS: 00000 | DR: 0       | SP : 2045 | mem[AR] 0       | mem[SP] : 0   | CR: jmp 31       | 
  INFO    mashine:decode_and_execute_instruction 

  INFO    mashine:__print__     Command: load | AC 111     | IP: 32   | AR: 10   | PS: 00000 | DR: 111     | SP : 2045 | mem[AR] 111     | mem[SP] : 0   | CR: load 16      | 
  INFO    mashine:decode_and_execute_instruction 

  INFO    mashine:__print__     Command: store | AC 111     | IP: 33   | AR: 2047 | PS: 00000 | DR: 111     | SP : 2045 | mem[AR] 111     | mem[SP] : 0   | CR: store 18     | 
  INFO    mashine:decode_and_execute_instruction 

  INFO    mashine:__print__     Command: jmz  | AC 111     | IP: 34   | AR: 38   | PS: 00000 | DR: 0       | SP : 2045 | mem[AR] 0       | mem[SP] : 0   | CR: jmz 38       | 
  INFO    mashine:decode_and_execute_instruction 

  INFO    mashine:__print__     Command: load | AC 10      | IP: 35   | AR: 16   | PS: 00000 | DR: 10      | SP : 2045 | mem[AR] 10      | mem[SP] : 0   | CR: load 16      | 
  INFO    mashine:decode_and_execute_instruction 

  INFO    mashine:__print__     Command: inc  | AC 11      | IP: 36   | AR: 35   | PS: 00000 | DR: 10      | SP : 2045 | mem[AR] 0       | mem[SP] : 0   | CR: inc          | 
  INFO    mashine:decode_and_execute_instruction 

  INFO    mashine:__print__     Command: store | AC 11      | IP: 37   | AR: 16   | PS: 00000 | DR: 11      | SP : 2045 | mem[AR] 11      | mem[SP] : 0   | CR: store 16     | 
  INFO    mashine:decode_and_execute_instruction 

  INFO    mashine:__print__     Command: jmp  | AC 11      | IP: 31   | AR: 31   | PS: 00000 | DR: 0       | SP : 2045 | mem[AR] 0       | mem[SP] : 0   | CR: jmp 31       | 
  INFO    mashine:decode_and_execute_instruction 

  INFO    mashine:__print__     Command: load | AC 114     | IP: 32   | AR: 11   | PS: 00000 | DR: 114     | SP : 2045 | mem[AR] 114     | mem[SP] : 0   | CR: load 16      | 
  INFO    mashine:decode_and_execute_instruction 

  INFO    mashine:__print__     Command: store | AC 114     | IP: 33   | AR: 2047 | PS: 00000 | DR: 114     | SP : 2045 | mem[AR] 114     | mem[SP] : 0   | CR: store 18     | 
  INFO    mashine:decode_and_execute_instruction 

  INFO    mashine:__print__     Command: jmz  | AC 114     | IP: 34   | AR: 38   | PS: 00000 | DR: 0       | SP : 2045 | mem[AR] 0       | mem[SP] : 0   | CR: jmz 38       | 
  INFO    mashine:decode_and_execute_instruction 

  INFO    mashine:__print__     Command: load | AC 11      | IP: 35   | AR: 16   | PS: 00000 | DR: 11      | SP : 2045 | mem[AR] 11      | mem[SP] : 0   | CR: load 16      | 
  INFO    mashine:decode_and_execute_instruction 

  INFO    mashine:__print__     Command: inc  | AC 12      | IP: 36   | AR: 35   | PS: 00000 | DR: 11      | SP : 2045 | mem[AR] 0       | mem[SP] : 0   | CR: inc          | 
  INFO    mashine:decode_and_execute_instruction 

  INFO    mashine:__print__     Command: store | AC 12      | IP: 37   | AR: 16   | PS: 00000 | DR: 12      | SP : 2045 | mem[AR] 12      | mem[SP] : 0   | CR: store 16     | 
  INFO    mashine:decode_and_execute_instruction 

  INFO    mashine:__print__     Command: jmp  | AC 12      | IP: 31   | AR: 31   | PS: 00000 | DR: 0       | SP : 2045 | mem[AR] 0       | mem[SP] : 0   | CR: jmp 31       | 
  INFO    mashine:decode_and_execute_instruction 

  INFO    mashine:__print__     Command: load | AC 108     | IP: 32   | AR: 12   | PS: 00000 | DR: 108     | SP : 2045 | mem[AR] 108     | mem[SP] : 0   | CR: load 16      | 
  INFO    mashine:decode_and_execute_instruction 

  INFO    mashine:__print__     Command: store | AC 108     | IP: 33   | AR: 2047 | PS: 00000 | DR: 108     | SP : 2045 | mem[AR] 108     | mem[SP] : 0   | CR: store 18     | 
  INFO    mashine:decode_and_execute_instruction 

  INFO    mashine:__print__     Command: jmz  | AC 108     | IP: 34   | AR: 38   | PS: 00000 | DR: 0       | SP : 2045 | mem[AR] 0       | mem[SP] : 0   | CR: jmz 38       | 
  INFO    mashine:decode_and_execute_instruction 

  INFO    mashine:__print__     Command: load | AC 12      | IP: 35   | AR: 16   | PS: 00000 | DR: 12      | SP : 2045 | mem[AR] 12      | mem[SP] : 0   | CR: load 16      | 
  INFO    mashine:decode_and_execute_instruction 

  INFO    mashine:__print__     Command: inc  | AC 13      | IP: 36   | AR: 35   | PS: 00000 | DR: 12      | SP : 2045 | mem[AR] 0       | mem[SP] : 0   | CR: inc          | 
  INFO    mashine:decode_and_execute_instruction 

  INFO    mashine:__print__     Command: store | AC 13      | IP: 37   | AR: 16   | PS: 00000 | DR: 13      | SP : 2045 | mem[AR] 13      | mem[SP] : 0   | CR: store 16     | 
  INFO    mashine:decode_and_execute_instruction 

  INFO    mashine:__print__     Command: jmp  | AC 13      | IP: 31   | AR: 31   | PS: 00000 | DR: 0       | SP : 2045 | mem[AR] 0       | mem[SP] : 0   | CR: jmp 31       | 
  INFO    mashine:decode_and_execute_instruction 

  INFO    mashine:__print__     Command: load | AC 100     | IP: 32   | AR: 13   | PS: 00000 | DR: 100     | SP : 2045 | mem[AR] 100     | mem[SP] : 0   | CR: load 16      | 
  INFO    mashine:decode_and_execute_instruction 

  INFO    mashine:__print__     Command: store | AC 100     | IP: 33   | AR: 2047 | PS: 00000 | DR: 100     | SP : 2045 | mem[AR] 100     | mem[SP] : 0   | CR: store 18     | 
  INFO    mashine:decode_and_execute_instruction 

  INFO    mashine:__print__     Command: jmz  | AC 100     | IP: 34   | AR: 38   | PS: 00000 | DR: 0       | SP : 2045 | mem[AR] 0       | mem[SP] : 0   | CR: jmz 38       | 
  INFO    mashine:decode_and_execute_instruction 

  INFO    mashine:__print__     Command: load | AC 13      | IP: 35   | AR: 16   | PS: 00000 | DR: 13      | SP : 2045 | mem[AR] 13      | mem[SP] : 0   | CR: load 16      | 
  INFO    mashine:decode_and_execute_instruction 

  INFO    mashine:__print__     Command: inc  | AC 14      | IP: 36   | AR: 35   | PS: 00000 | DR: 13      | SP : 2045 | mem[AR] 0       | mem[SP] : 0   | CR: inc          | 
  INFO    mashine:decode_and_execute_instruction 

  INFO    mashine:__print__     Command: store | AC 14      | IP: 37   | AR: 16   | PS: 00000 | DR: 14      | SP : 2045 | mem[AR] 14      | mem[SP] : 0   | CR: store 16     | 
  INFO    mashine:decode_and_execute_instruction 

  INFO    mashine:__print__     Command: jmp  | AC 14      | IP: 31   | AR: 31   | PS: 00000 | DR: 0       | SP : 2045 | mem[AR] 0       | mem[SP] : 0   | CR: jmp 31       | 
  INFO    mashine:decode_and_execute_instruction 

  INFO    mashine:__print__     Command: load | AC 33      | IP: 32   | AR: 14   | PS: 00000 | DR: 33      | SP : 2045 | mem[AR] 33      | mem[SP] : 0   | CR: load 16      | 
  INFO    mashine:decode_and_execute_instruction 

  INFO    mashine:__print__     Command: store | AC 33      | IP: 33   | AR: 2047 | PS: 00000 | DR: 33      | SP : 2045 | mem[AR] 33      | mem[SP] : 0   | CR: store 18     | 
  INFO    mashine:decode_and_execute_instruction 

  INFO    mashine:__print__     Command: jmz  | AC 33      | IP: 34   | AR: 38   | PS: 00000 | DR: 0       | SP : 2045 | mem[AR] 0       | mem[SP] : 0   | CR: jmz 38       | 
  INFO    mashine:decode_and_execute_instruction 

  INFO    mashine:__print__     Command: load | AC 14      | IP: 35   | AR: 16   | PS: 00000 | DR: 14      | SP : 2045 | mem[AR] 14      | mem[SP] : 0   | CR: load 16      | 
  INFO    mashine:decode_and_execute_instruction 

  INFO    mashine:__print__     Command: inc  | AC 15      | IP: 36   | AR: 35   | PS: 00000 | DR: 14      | SP : 2045 | mem[AR] 0       | mem[SP] : 0   | CR: inc          | 
  INFO    mashine:decode_and_execute_instruction 

  INFO    mashine:__print__     Command: store | AC 15      | IP: 37   | AR: 16   | PS: 00000 | DR: 15      | SP : 2045 | mem[AR] 15      | mem[SP] : 0   | CR: store 16     | 
  INFO    mashine:decode_and_execute_instruction 

  INFO    mashine:__print__     Command: jmp  | AC 15      | IP: 31   | AR: 31   | PS: 00000 | DR: 0       | SP : 2045 | mem[AR] 0       | mem[SP] : 0   | CR: jmp 31       | 
  INFO    mashine:decode_and_execute_instruction 

  INFO    mashine:__print__     Command: load | AC 0       | IP: 32   | AR: 15   | PS: 00010 | DR: 0       | SP : 2045 | mem[AR] 0       | mem[SP] : 0   | CR: load 16      | 
  INFO    mashine:decode_and_execute_instruction 

  INFO    mashine:__print__     Command: store | AC 0       | IP: 33   | AR: 2047 | PS: 00010 | DR: 0       | SP : 2045 | mem[AR] 0       | mem[SP] : 0   | CR: store 18     | 
  INFO    mashine:decode_and_execute_instruction 

  INFO    mashine:__print__     Command: jmz  | AC 0       | IP: 38   | AR: 38   | PS: 00010 | DR: 0       | SP : 2045 | mem[AR] 0       | mem[SP] : 0   | CR: jmz 38       | 
